******************************************************************************
            TI ARM Clang Linker Unix v4.0.1                    
******************************************************************************
>> Linked Sun Mar  2 21:07:33 2025

OUTPUT FILE NAME:   <project_zero_LP_CC2651R3SIPA_tirtos7_ticlang.out>
ENTRY POINT SYMBOL: "_c_int00"  address: 00028c99


MEMORY CONFIGURATION

         name            origin    length      used     unused   attr    fill
----------------------  --------  ---------  --------  --------  ----  --------
  FLASH_IMG_HDR         00000000   00000090  0000008d  00000003  R  X
  ENTRY                 00000090   00000040  0000003c  00000004  R  X
  FLASH                 000000d0   000560d0  00032789  00023947  R  X
  SRAM                  20000000   00008000  00004338  00003cc8  RW X


SEGMENT ALLOCATION MAP

run origin  load origin   length   init length attrs members
----------  ----------- ---------- ----------- ----- -------
00000000    00000000    000000cc   000000cc    r--
  00000000    00000000    0000008d   0000008d    r-- .image_header
  00000090    00000090    0000003c   0000003c    r-- .resetVecs
000000e0    000000e0    0002e78c   0002e78c    r-x
  000000e0    000000e0    0002bb66   0002bb66    r-x .text
  0002bc48    0002bc48    0000262f   0000262f    r-- .rodata
  0002e278    0002e278    000005f4   000005f4    r-- .cinit
00048000    00048000    00004000   00000000    rw-
  00048000    00048000    00004000   00000000    rw- .TI.bound:flashBuf0
20000410    20000410    00000040   00000000    rw-
  20000410    20000410    00000010   00000000    rw- .TI.bound:dmaUart0RxControlTableEntry
  20000420    20000420    00000010   00000000    rw- .TI.bound:dmaUart0TxControlTableEntry
  20000430    20000430    00000010   00000000    rw- .TI.bound:dmaSpi0RxControlTableEntry
  20000440    20000440    00000010   00000000    rw- .TI.bound:dmaSpi0TxControlTableEntry
20000630    20000630    00000020   00000000    rw-
  20000630    20000630    00000010   00000000    rw- .TI.bound:dmaSpi0RxAltControlTableEntry
  20000640    20000640    00000010   00000000    rw- .TI.bound:dmaSpi0TxAltControlTableEntry
20000700    20000700    00003de2   00000000    rw-
  20000700    20000700    0000117f   00000000    rw- .data
  20001880    20001880    00002c62   00000000    rw- .bss
20004500    20004500    000000d8   00000000    rw-
  20004500    20004500    000000d8   00000000    rw- .ramVecs
20007c00    20007c00    00000400   00000000    rw-
  20007c00    20007c00    00000400   00000000    rw- .stack


SECTION ALLOCATION MAP

 output                                  attributes/
section   page    origin      length       input sections
--------  ----  ----------  ----------   ----------------
.image_header 
*          0    00000000    0000008d     
                  00000000    0000008d     oad_image_header_app.o (.image_header)

.resetVecs 
*          0    00000090    0000003c     
                  00000090    0000003c     ti_sysbios_config.o (.resetVecs)

.intvecs   0    000000cc    00000000     UNINITIALIZED

EntrySection 
*          0    000000cc    00000000     UNINITIALIZED

.cinit     0    0002e278    000005f4     
                  0002e278    0000055e     (.cinit..data.load) [load image, compression = lzss]
                  0002e7d6    00000002     --HOLE-- [fill = 0]
                  0002e7d8    0000000c     (__TI_handler_table)
                  0002e7e4    00000008     (.cinit..TI.bound:dmaSpi0RxAltControlTableEntry.load) [load image, compression = zero_init]
                  0002e7ec    00000008     (.cinit..TI.bound:dmaSpi0RxControlTableEntry.load) [load image, compression = zero_init]
                  0002e7f4    00000008     (.cinit..TI.bound:dmaSpi0TxAltControlTableEntry.load) [load image, compression = zero_init]
                  0002e7fc    00000008     (.cinit..TI.bound:dmaSpi0TxControlTableEntry.load) [load image, compression = zero_init]
                  0002e804    00000008     (.cinit..TI.bound:dmaUart0RxControlTableEntry.load) [load image, compression = zero_init]
                  0002e80c    00000008     (.cinit..TI.bound:dmaUart0TxControlTableEntry.load) [load image, compression = zero_init]
                  0002e814    00000008     (.cinit..bss.load) [load image, compression = zero_init]
                  0002e81c    00000008     (.cinit..ramVecs.load) [load image, compression = zero_init]
                  0002e824    00000048     (__TI_cinit_table)

.TI.bound:flashBuf0 
*          0    00048000    00004000     UNINITIALIZED
                  00048000    00004000     ti_drivers_config.o (.TI.bound:flashBuf0)

.TI.bound:dmaUart0RxControlTableEntry 
*          0    20000410    00000010     UNINITIALIZED
                  20000410    00000010     ti_drivers_config.o (.TI.bound:dmaUart0RxControlTableEntry)

.TI.bound:dmaUart0TxControlTableEntry 
*          0    20000420    00000010     UNINITIALIZED
                  20000420    00000010     ti_drivers_config.o (.TI.bound:dmaUart0TxControlTableEntry)

.TI.bound:dmaSpi0RxControlTableEntry 
*          0    20000430    00000010     UNINITIALIZED
                  20000430    00000010     ti_drivers_config.o (.TI.bound:dmaSpi0RxControlTableEntry)

.TI.bound:dmaSpi0TxControlTableEntry 
*          0    20000440    00000010     UNINITIALIZED
                  20000440    00000010     ti_drivers_config.o (.TI.bound:dmaSpi0TxControlTableEntry)

.TI.bound:dmaSpi0RxAltControlTableEntry 
*          0    20000630    00000010     UNINITIALIZED
                  20000630    00000010     ti_drivers_config.o (.TI.bound:dmaSpi0RxAltControlTableEntry)

.TI.bound:dmaSpi0TxAltControlTableEntry 
*          0    20000640    00000010     UNINITIALIZED
                  20000640    00000010     ti_drivers_config.o (.TI.bound:dmaSpi0TxAltControlTableEntry)

.data      0    20000700    0000117f     UNINITIALIZED
                  20000700    00000174     drivers_cc26x1.a : PowerCC26X2.c.obj (.data.PowerCC26X2_module)
                  20000874    00000130     devinfoservice.o (.data.devInfoAttrTbl)
                  200009a4    000000d0     oad.o (.data.oadAttrTbl)
                  20000a74    000000b0     OneLib.a : gapgattserver.o (.data)
                  20000b24    00000094     StackWrapper.a : gapbondmgr.o (.data)
                  20000bb8    00000080     ti_drivers_config.o (.data.gpioPinConfigs)
                  20000c38    0000007d     project_zero.o (.data..L_MergedGlobals.96)
                  20000cb5    00000003     oad.o (.data.oadCharVals)
                  20000cb8    0000007a     devinfoservice.o (.data..L_MergedGlobals)
                  20000d32    00000002     ble_user_config.o (.data.bleUserCfg_maxPduSize)
                  20000d34    00000078     icall.o (.data..L_MergedGlobals.1)
                  20000dac    00000078     button_service.o (.data..L_MergedGlobals)
                  20000e24    00000074     project_zero.o (.data..L_MergedGlobals.97)
                  20000e98    0000006c     OneLib.a : ll_config.o (.data)
                  20000f04    00000068     rf_multiMode_cc26x1.a : RFCC26X2_multiMode.c.cc26x1.ticlang.o (.data..L_MergedGlobals.1)
                  20000f6c    00000004     icall.o (.data.ICall_dispatcher)
                  20000f70    00000068     ti_sysbios_config.o (.data..L_MergedGlobals.71)
                  20000fd8    00000068     ti_sysbios_config.o (.data..L_MergedGlobals)
                  20001040    00000068     ti_sysbios_config.o (.data.ti_sysbios_knl_Clock_Module_state)
                  200010a8    00000064     rf_multiMode_cc26x1.a : RFCC26X2_multiMode.c.cc26x1.ticlang.o (.data..L_MergedGlobals.3)
                  2000110c    00000060     data_service.o (.data.Data_ServiceAttrTbl)
                  2000116c    00000058     rf_multiMode_cc26x1.a : RFCC26X2_multiMode.c.cc26x1.ticlang.o (.data..L_MergedGlobals.2)
                  200011c4    00000058     project_zero.o (.data..L_MergedGlobals)
                  2000121c    00000054     ti_radio_config.o (.data.pOverrides_bleCommon)
                  20001270    00000050     led_service.o (.data.LED_ServiceAttrTbl)
                  200012c0    00000050     ti_radio_config.o (.data.txPowerTable_2400_pa5)
                  20001310    00000048     data_service.o (.data..L_MergedGlobals)
                  20001358    00000040     OneLib.a : gattservapp.o (.data)
                  20001398    00000040              : sm_pairing.o (.data)
                  200013d8    0000003c     icall_user_config.o (.data.nvintfFncStruct)
                  20001414    0000003c     ti_sysbios_config.o (.data.ti_sysbios_knl_Task_Module_state)
                  20001450    00000038     drivers_cc26x1.a : TRNGCC26XX.c.obj (.data..L_MergedGlobals.1)
                  20001488    00000038     oad.o (.data..L_MergedGlobals.1)
                  200014c0    00000030     drivers_cc26x1.a : TRNGCC26XX.c.obj (.data..L_MergedGlobals)
                  200014f0    0000002c     oad.o (.data..L_MergedGlobals)
                  2000151c    0000002a     devinfoservice.o (.data..L_MergedGlobals.1)
                  20001546    00000002     OneLib.a : gap_linkmgr.o (.data)
                  20001548    00000028     nvocmp.o (.data..L_MergedGlobals.1)
                  20001570    00000028     project_zero.o (.data.ProjectZero_DataService_ValueChangeHandler.received_string)
                  20001598    00000024     ble_user_config.o (.data.eccParams_NISTP256)
                  200015bc    00000024     ti_radio_config.o (.data.pOverrides_ble2Mbps)
                  200015e0    00000020     drivers_cc26x1.a : NVSSPI25X.c.obj (.data..L_MergedGlobals)
                  20001600    00000020     OneLib.a : gap_configmgr.o (.data)
                  20001620    0000001c     ti_ble_config.o (.data.advParams1)
                  2000163c    00000018     icall.o (.data..L_MergedGlobals)
                  20001654    00000018     ti_radio_config.o (.data.pOverrides_ble1Mbps)
                  2000166c    00000015     ti_ble_config.o (.data.attDeviceName)
                  20001681    00000001     drivers_cc26x1.a : AESCTRCC26XX.c.obj (.data.AESCTR_isInitialized)
                  20001682    00000002     OneLib.a : gatt_server.o (.data)
                  20001684    00000014     flash_interface_ext_rtos_NVS.o (.data..L_MergedGlobals)
                  20001698    00000014     StackWrapper.a : osal.o (.data)
                  200016ac    00000012     ti_ble_config.o (.data.scanResData1)
                  200016be    00000011     ti_ble_config.o (.data.advData1)
                  200016cf    00000001     nvocmp.o (.data.NVOCMP_failF)
                  200016d0    00000010     driverlib.lib : osc.c.obj (.data..L_MergedGlobals)
                  200016e0    00000010     ti_radio_config.o (.data.RF_modeBle)
                  200016f0    00000010     driverlib.lib : osc.c.obj (.data._hposcCoeffs)
                  20001700    00000010     icall_user_config.o (.data.bleAppServiceInfoTable)
                  20001710    00000010     ti_radio_config.o (.data.pOverrides_bleCoded)
                  20001720    00000010     main.o (.data.user0Cfg)
                  20001730    00000010     OneLib.a : gap_configmgr.o (.data)
                  20001740    00000010              : gattservapp.o (.data)
                  20001750    00000010              : sm_intpairing.o (.data)
                  20001760    0000000f     ti_ble_config.o (.data..L_MergedGlobals)
                  2000176f    00000001     button_service.o (.data.bs_BUTTON0Props)
                  20001770    0000000c     UartLog.o (.data..L_MergedGlobals)
                  2000177c    0000000c     drivers_cc26x1.a : NVSCC26XX.c.obj (.data..L_MergedGlobals)
                  20001788    0000000c     led_service.o (.data..L_MergedGlobals)
                  20001794    0000000c     OneLib.a : gap_scanner.o (.data)
                  200017a0    00000008     button_service.o (.data..L_MergedGlobals.20)
                  200017a8    00000008     icall_cc2650.o (.data..L_MergedGlobals)
                  200017b0    00000008     rf_multiMode_cc26x1.a : RFCC26X2_multiMode.c.cc26x1.ticlang.o (.data..L_MergedGlobals)
                  200017b8    00000008                           : RFCC26X2_multiMode.c.cc26x1.ticlang.o (.data.RFCC26XX_schedulerPolicy)
                  200017c0    00000008     ti_sysbios_config.o (.data.ti_sysbios_gates_GateMutexPri_Module_state)
                  200017c8    00000008     ti_sysbios_config.o (.data.ti_sysbios_gates_GateMutex_Module_state)
                  200017d0    00000008     ti_sysbios_config.o (.data.ti_sysbios_heaps_HeapCallback_Module_state)
                  200017d8    00000008     ti_sysbios_config.o (.data.ti_sysbios_knl_Event_state)
                  200017e0    00000008     ti_sysbios_config.o (.data.ti_sysbios_knl_Mailbox_Module_state)
                  200017e8    00000008     ti_sysbios_config.o (.data.ti_sysbios_knl_Semaphore_Module_state)
                  200017f0    00000008     OneLib.a : gapgattserver.o (.data)
                  200017f8    00000008     StackWrapper.a : gapbondmgr.o (.data)
                  20001800    00000006     ti_ble_config.o (.data.pRandomAddress)
                  20001806    00000002     OneLib.a : l2cap_task.o (.data)
                  20001808    00000004     drivers_cc26x1.a : PowerCC26X2.c.obj (.data.PowerCC26X2_rtcSubSecInc)
                  2000180c    00000004     rf_multiMode_cc26x1.a : RFCC26X2_multiMode.c.cc26x1.ticlang.o (.data.RF_fsmActiveState.lfClockSourceLast)
                  20001810    00000004     libc.a : aeabi_portable.c.obj (.data.__aeabi_errno)
                  20001814    00000004            : _lock.c.obj (.data._lock)
                  20001818    00000004            : _lock.c.obj (.data._unlock)
                  2000181c    00000004     ble_user_config.o (.data.appAssertCback)
                  20001820    00000004     ble_user_config_stack.o (.data.icallServiceTblPtr)
                  20001824    00000004     button_service.o (.data.pAppCBs)
                  20001828    00000004     icall_api_lite.o (.data.pRfErrCb)
                  2000182c    00000004     icall_api_lite.o (.data.pfnBMAlloc)
                  20001830    00000004     icall_api_lite.o (.data.pfnBMFree)
                  20001834    00000004     OneLib.a : gap_scanner.o (.data)
                  20001838    00000004     StackWrapper.a : hal_assert.o (.data)
                  2000183c    00000002     OneLib.a : l2cap_task.o (.data)
                  2000183e    00000002              : ll.o (.data)
                  20001840    00000002              : ll_ae.o (.data)
                  20001842    00000002              : ll_config.o (.data)
                  20001844    00000002              : sm_mgr.o (.data)
                  20001846    00000002     StackWrapper.a : osal_cbtimer.o (.data)
                  20001848    00000001     button_service.o (.data.bs_BUTTON1Props)
                  20001849    00000001     devinfoservice.o (.data.devInfo11073CertProps)
                  2000184a    00000001     devinfoservice.o (.data.devInfoFirmwareRevProps)
                  2000184b    00000001     devinfoservice.o (.data.devInfoHardwareRevProps)
                  2000184c    00000001     devinfoservice.o (.data.devInfoMfrNameProps)
                  2000184d    00000001     devinfoservice.o (.data.devInfoModelNumberProps)
                  2000184e    00000001     devinfoservice.o (.data.devInfoPnpIdProps)
                  2000184f    00000001     devinfoservice.o (.data.devInfoSerialNumberProps)
                  20001850    00000001     devinfoservice.o (.data.devInfoSoftwareRevProps)
                  20001851    00000001     devinfoservice.o (.data.devInfoSystemIdProps)
                  20001852    00000001     data_service.o (.data.ds_StreamProps)
                  20001853    00000001     data_service.o (.data.ds_StringProps)
                  20001854    00000001     drivers_cc26x1.a : GPIOCC26X2.c.obj (.data.initCalled)
                  20001855    00000001                      : AESCCMCC26XX.c.obj (.data.isInitialized)
                  20001856    00000001                      : AESCTRDRBGXX.c.obj (.data.isInitialized)
                  20001857    00000001                      : AESECBCC26XX.c.obj (.data.isInitialized)
                  20001858    00000001                      : CryptoResourceCC26XX.c.obj (.data.isInitialized)
                  20001859    00000001                      : NVS.c.obj (.data.isInitialized)
                  2000185a    00000001                      : SPI.c.obj (.data.isInitialized)
                  2000185b    00000001     flash_interface_ext_rtos_NVS.o (.data.isOpen)
                  2000185c    00000001     led_service.o (.data.ls_LED0Props)
                  2000185d    00000001     led_service.o (.data.ls_LED1Props)
                  2000185e    00000001     oad.o (.data.oadCharExtCtrlProps)
                  2000185f    00000001     oad.o (.data.oadCharProps)
                  20001860    00000001     OneLib.a : gap_advertiser.o (.data)
                  20001861    00000001              : gap_scanner.o (.data)
                  20001862    00000001              : gap_scanner.o (.data)
                  20001863    00000001              : gap_scanner.o (.data)
                  20001864    00000001              : gap_scanner.o (.data)
                  20001865    00000001              : gap_scanner.o (.data)
                  20001866    00000001              : gap_task.o (.data)
                  20001867    00000001              : gapgattserver.o (.data)
                  20001868    00000001              : gapgattserver.o (.data)
                  20001869    00000001              : gapgattserver.o (.data)
                  2000186a    00000001              : gapgattserver.o (.data)
                  2000186b    00000001              : gapgattserver.o (.data)
                  2000186c    00000001              : gapgattserver.o (.data)
                  2000186d    00000001              : gatt_client.o (.data)
                  2000186e    00000001              : gatt_server.o (.data)
                  2000186f    00000001              : gatt_task.o (.data)
                  20001870    00000001              : gattservapp.o (.data)
                  20001871    00000001              : gattservapp.o (.data)
                  20001872    00000001              : gattservapp.o (.data)
                  20001873    00000001              : l2cap_task.o (.data)
                  20001874    00000001              : l2cap_task.o (.data)
                  20001875    00000001              : ll.o (.data)
                  20001876    00000001              : ll_ae.o (.data)
                  20001877    00000001              : ll_ae.o (.data)
                  20001878    00000001              : ll_ae.o (.data)
                  20001879    00000001              : ll_scheduler.o (.data)
                  2000187a    00000001              : sm_task.o (.data)
                  2000187b    00000001              : sm_task.o (.data)
                  2000187c    00000001     StackWrapper.a : gap.o (.data)
                  2000187d    00000001                    : gap.o (.data)
                  2000187e    00000001                    : hal_assert.o (.data)

.bss       0    20001880    00002c62     UNINITIALIZED
                  20001880    00000800     (.common:appTaskStack)
                  20002080    00000500     (.common:uartLog_evBuf)
                  20002580    000003ac     (.common:ecdhCC26X1Objects)
                  2000292c    00000004     data_service.o (.bss.ds_StreamConfig)
                  20002930    00000300     (.common:ti_sysbios_knl_Idle_taskStack)
                  20002c30    000002c0     rf_multiMode_cc26x1.a : RFCC26X2_multiMode.c.cc26x1.ticlang.o (.bss.RF_cmdPool)
                  20002ef0    00000170     (.common:uart2CC26X2Objects)
                  20003060    00000100     OneLib.a : ll.o (.bss)
                  20003160    00000100     (.common:crcBuf)
                  20003260    00000100     (.common:spiCC26X2DMAObjects)
                  20003360    000000d8     (.common:ti_sysbios_family_arm_m3_Hwi_dispatchTable)
                  20003438    000000ac     (.common:uartLog_outBuf)
                  200034e4    000000a4     (.common:aesctrdrbgXXObjects)
                  20003588    0000008d     oad.o (.bss.candidateImageHeader)
                  20003615    00000001     OneLib.a : att_util.o (.bss)
                  20003616    00000002              : gapgattserver.o (.bss)
                  20003618    00000084     (.common:trngCC26XXObjects)
                  2000369c    00000080     (.common:gpioCallbackFunctions)
                  2000371c    00000080     (.common:gpioUserArgs)
                  2000379c    00000078     StackWrapper.a : osal_cbtimer.o (.bss)
                  20003814    00000004     OneLib.a : att_client.o (.bss)
                  20003818    00000068     rf_multiMode_cc26x1.a : RFCC26X2_multiMode.c.cc26x1.ticlang.o (.bss.RF_ratModule)
                  20003880    00000060     (.common:ti_sysbios_knl_ClockSupport_timerStruct)
                  200038e0    00000058     (.common:pzTask)
                  20003938    00000058     (.common:ti_sysbios_knl_Idle_taskStruct)
                  20003990    00000050     (.common:CryptoResourceCC26XX_accessSemaphore)
                  200039e0    00000050     (.common:CryptoResourceCC26XX_operationSemaphore)
                  20003a30    00000044                           : RFCC26X2_multiMode.c.cc26x1.ticlang.o (.bss.RF_clkInactivityObj)
                  20003a74    00000044                           : RFCC26X2_multiMode.c.cc26x1.ticlang.o (.bss.RF_clkPowerUpObj)
                  20003ab8    00000044     OneLib.a : ll_ae.o (.bss)
                  20003afc    00000044              : sm_pairing.o (.bss)
                  20003b40    00000040     ti_drivers_config.o (.bss.verifyBuf)
                  20003b80    0000003c     rf_multiMode_cc26x1.a : RFCC26X2_multiMode.c.cc26x1.ticlang.o (.bss.RF_swiHwObj)
                  20003bbc    0000003c     StackWrapper.a : osal_snv_wrapper.o (.bss)
                  20003bf8    00000038     OneLib.a : ble.o (.bss)
                  20003c30    00000030              : ble.o (.bss)
                  20003c60    00000030              : l2cap_task.o (.bss)
                  20003c90    00000030              : linkdb.o (.bss)
                  20003cc0    00000030              : ll_ae.o (.bss)
                  20003cf0    00000030              : ll_ae.o (.bss)
                  20003d20    00000030     (.common:ti_sysbios_knl_Swi_readyQs)
                  20003d50    00000030     (.common:ti_sysbios_knl_Task_readyQs)
                  20003d80    0000002e     (.common:NVOCMP_nvHandle)
                  20003dae    00000002              : gattservapp.o (.bss)
                  20003db0    00000028     ti_sysbios_config.o (.bss.tiposix_mqGateStruct)
                  20003dd8    00000028     (.common:aesecbCC26XXObjects)
                  20003e00    00000024     OneLib.a : ll.o (.bss)
                  20003e24    00000024              : ll.o (.bss)
                  20003e48    00000024              : ll_enc.o (.bss)
                  20003e6c    00000020     ti_drivers_config.o (.bss.uart2RxRingBuffer0)
                  20003e8c    00000020     ti_drivers_config.o (.bss.uart2TxRingBuffer0)
                  20003eac    00000020     OneLib.a : gattservapp.o (.bss)
                  20003ecc    00000020              : ll_ecc.o (.bss)
                  20003eec    00000020              : ll_enc.o (.bss)
                  20003f0c    00000020     StackWrapper.a : gapbondmgr.o (.bss)
                  20003f2c    00000020                    : gapbondmgr.o (.bss)
                  20003f4c    00000020     (.common:spiParams)
                  20003f6c    00000020     (.common:ti_sysbios_runtime_System_atexitHandlers)
                  20003f8c    00000020     (.common:udmaCC26XXObject)
                  20003fac    0000001c     drivers_cc26x1.a : GPIOCC26X2.c.obj (.bss.gpioHwi)
                  20003fc8    0000001c     OneLib.a : ble.o (.bss)
                  20003fe4    0000001c              : gap_configmgr.o (.bss)
                  20004000    0000001c              : ll_ae.o (.bss)
                  2000401c    0000001c              : ll_ae.o (.bss)
                  20004038    0000001c     (.common:BIOS_heapCallbackObject)
                  20004054    0000001c     (.common:BIOS_rtsGate)
                  20004070    0000001c     (.common:CryptoResourceCC26XX_hwi)
                  2000408c    00000018              : gapgattserver.o (.bss)
                  200040a4    00000018              : gattservapp.o (.bss)
                  200040bc    00000018              : ll.o (.bss)
                  200040d4    00000018     (.common:aesccmCC26XXObjects)
                  200040ec    00000018     (.common:spiTransaction)
                  20004104    00000014     drivers_cc26x1.a : Random.c.obj (.bss.state)
                  20004118    00000014     OneLib.a : ble.o (.bss)
                  2000412c    00000014              : ble.o (.bss)
                  20004140    00000014              : ll.o (.bss)
                  20004154    00000014              : ll_ecc.o (.bss)
                  20004168    00000010              : ble.o (.bss)
                  20004178    00000010              : ble.o (.bss)
                  20004188    00000010              : gap_configmgr.o (.bss)
                  20004198    00000010              : ll_ecc.o (.bss)
                  200041a8    00000010              : ll_ecc.o (.bss)
                  200041b8    00000010              : ll_ecc.o (.bss)
                  200041c8    00000010              : ll_ecc.o (.bss)
                  200041d8    00000010              : ll_ecc.o (.bss)
                  200041e8    00000010              : ll_ecc.o (.bss)
                  200041f8    00000010              : ll_enc.o (.bss)
                  20004208    00000010              : ll_enc.o (.bss)
                  20004218    00000010              : ll_enc.o (.bss)
                  20004228    00000010              : ll_enc.o (.bss)
                  20004238    0000000c              : ll.o (.bss)
                  20004244    0000000c              : ll.o (.bss)
                  20004250    0000000c              : ll_enc.o (.bss)
                  2000425c    0000000c              : ll_scheduler.o (.bss)
                  20004268    0000000c     (.common:nvsSPI25XObjects)
                  20004274    00000008              : gap_configmgr.o (.bss)
                  2000427c    00000008              : gap_linkmgr.o (.bss)
                  20004284    00000008              : gattservapp.o (.bss)
                  2000428c    00000008              : hci_event.o (.bss)
                  20004294    00000008              : hci_event.o (.bss)
                  2000429c    00000008              : hci_event.o (.bss)
                  200042a4    00000008              : ll.o (.bss)
                  200042ac    00000008              : ll.o (.bss)
                  200042b4    00000008              : ll.o (.bss)
                  200042bc    00000008              : ll.o (.bss)
                  200042c4    00000008              : ll.o (.bss)
                  200042cc    00000008              : ll.o (.bss)
                  200042d4    00000008              : ll.o (.bss)
                  200042dc    00000004              : att_server.o (.bss)
                  200042e0    00000008              : ll.o (.bss)
                  200042e8    00000008              : ll_ae.o (.bss)
                  200042f0    00000008              : ll_common.o (.bss)
                  200042f8    00000008              : ll_privacy.o (.bss)
                  20004300    00000008     StackWrapper.a : gapbondmgr.o (.bss)
                  20004308    00000004     OneLib.a : ble.o (.bss)
                  2000430c    00000004              : ble.o (.bss)
                  20004310    00000004              : ble.o (.bss)
                  20004314    00000004              : gap_advertiser.o (.bss)
                  20004318    00000004              : gap_centlinkmgr.o (.bss)
                  2000431c    00000004              : gap_initiator.o (.bss)
                  20004320    00000004              : gap_linkmgr.o (.bss)
                  20004324    00000004              : gap_linkmgr.o (.bss)
                  20004328    00000004              : gap_linkmgr.o (.bss)
                  2000432c    00000004              : gap_linkmgr.o (.bss)
                  20004330    00000004              : gap_perilinkmgr.o (.bss)
                  20004334    00000004              : gap_scanner.o (.bss)
                  20004338    00000004              : gap_scanner.o (.bss)
                  2000433c    00000004              : gap_scanner.o (.bss)
                  20004340    00000004              : gap_scanner.o (.bss)
                  20004344    00000004              : gap_scanner.o (.bss)
                  20004348    00000004              : gap_scanner.o (.bss)
                  2000434c    00000004              : gap_task.o (.bss)
                  20004350    00000004              : gapgattserver.o (.bss)
                  20004354    00000004              : gatt_client.o (.bss)
                  20004358    00000004              : gatt_client.o (.bss)
                  2000435c    00000004              : gatt_server.o (.bss)
                  20004360    00000004              : gatt_server.o (.bss)
                  20004364    00000004              : gatt_task.o (.bss)
                  20004368    00000004              : gatt_task.o (.bss)
                  2000436c    00000004              : gattservapp.o (.bss)
                  20004370    00000004              : gattservapp.o (.bss)
                  20004374    00000004              : gattservapp.o (.bss)
                  20004378    00000004              : gattservapp.o (.bss)
                  2000437c    00000004              : l2cap_task.o (.bss)
                  20004380    00000004              : l2cap_task.o (.bss)
                  20004384    00000004              : linkdb.o (.bss)
                  20004388    00000004              : linkdb.o (.bss)
                  2000438c    00000004              : ll.o (.bss)
                  20004390    00000004              : ll.o (.bss)
                  20004394    00000004              : ll.o (.bss)
                  20004398    00000004              : ll.o (.bss)
                  2000439c    00000004              : ll.o (.bss)
                  200043a0    00000004              : ll.o (.bss)
                  200043a4    00000004              : ll.o (.bss)
                  200043a8    00000004              : ll.o (.bss)
                  200043ac    00000004              : ll.o (.bss)
                  200043b0    00000004              : ll.o (.bss)
                  200043b4    00000004              : ll.o (.bss)
                  200043b8    00000004              : ll.o (.bss)
                  200043bc    00000004              : ll.o (.bss)
                  200043c0    00000004              : ll.o (.bss)
                  200043c4    00000004              : ll.o (.bss)
                  200043c8    00000004              : ll.o (.bss)
                  200043cc    00000004              : ll_ae.o (.bss)
                  200043d0    00000004              : ll_ae.o (.bss)
                  200043d4    00000004              : ll_ae.o (.bss)
                  200043d8    00000004              : ll_ae.o (.bss)
                  200043dc    00000004              : ll_al.o (.bss)
                  200043e0    00000004              : ll_al.o (.bss)
                  200043e4    00000004              : ll_ecc.o (.bss)
                  200043e8    00000004              : ll_ecc.o (.bss)
                  200043ec    00000004              : ll_enc.o (.bss)
                  200043f0    00000004              : ll_enc.o (.bss)
                  200043f4    00000004              : ll_enc.o (.bss)
                  200043f8    00000004              : ll_privacy.o (.bss)
                  200043fc    00000004              : ll_privacy.o (.bss)
                  20004400    00000004              : ll_scheduler.o (.bss)
                  20004404    00000004              : sm_pairing.o (.bss)
                  20004408    00000004              : sm_pairing.o (.bss)
                  2000440c    00000004              : sm_pairing.o (.bss)
                  20004410    00000004              : sm_rsppairing.o (.bss)
                  20004414    00000004     StackWrapper.a : gapbondmgr.o (.bss)
                  20004418    00000004                    : gapbondmgr.o (.bss)
                  2000441c    00000004                    : osal.o (.bss)
                  20004420    00000004                    : osal.o (.bss)
                  20004424    00000004                    : osal.o (.bss)
                  20004428    00000004                    : osal.o (.bss)
                  2000442c    00000004                    : osal.o (.bss)
                  20004430    00000004                    : osal.o (.bss)
                  20004434    00000004                    : osal_bufmgr.o (.bss)
                  20004438    00000004                    : osal_bufmgr.o (.bss)
                  2000443c    00000004                    : osal_clock.o (.bss)
                  20004440    00000004                    : osal_clock.o (.bss)
                  20004444    00000004                    : osal_timers.o (.bss)
                  20004448    00000004                    : osal_timers.o (.bss)
                  2000444c    00000004                    : osal_timers.o (.bss)
                  20004450    00000004     (.common:HEAPMGR_SIZE)
                  20004454    00000004     (.common:PowerCC26XX_swiKey)
                  20004458    00000004     (.common:PowerCC26XX_taskKey)
                  2000445c    00000004     (.common:spi)
                  20004460    00000004     (.common:tasksEvents)
                  20004464    00000004     (.common:ti_sysbios_family_arm_cc26xx_TimestampProvider_Module_state)
                  20004468    00000004     (.common:ti_sysbios_knl_Task_defaultStackHeap)
                  2000446c    00000002     OneLib.a : hci.o (.bss)
                  2000446e    00000002              : ll.o (.bss)
                  20004470    00000002              : ll.o (.bss)
                  20004472    00000002              : ll.o (.bss)
                  20004474    00000002              : ll.o (.bss)
                  20004476    00000002              : ll.o (.bss)
                  20004478    00000002              : ll.o (.bss)
                  2000447a    00000002              : ll.o (.bss)
                  2000447c    00000002              : ll.o (.bss)
                  2000447e    00000002              : ll.o (.bss)
                  20004480    00000002              : ll.o (.bss)
                  20004482    00000002              : ll.o (.bss)
                  20004484    00000002              : ll.o (.bss)
                  20004486    00000002              : ll.o (.bss)
                  20004488    00000002              : ll.o (.bss)
                  2000448a    00000002              : ll_peripheral_end_causes.o (.bss)
                  2000448c    00000002     StackWrapper.a : osal_pwrmgr.o (.bss)
                  2000448e    00000001     OneLib.a : gap_advertiser.o (.bss)
                  2000448f    00000001              : gap_advertiser.o (.bss)
                  20004490    00000001              : gap_advertiser.o (.bss)
                  20004491    00000001              : gap_configmgr.o (.bss)
                  20004492    00000001              : gap_configmgr.o (.bss)
                  20004493    00000001              : gap_devmgr.o (.bss)
                  20004494    00000001              : gap_linkmgr.o (.bss)
                  20004495    00000001              : gap_scanner.o (.bss)
                  20004496    00000001              : gap_scanner.o (.bss)
                  20004497    00000001              : gap_scanner.o (.bss)
                  20004498    00000001              : gap_scanner.o (.bss)
                  20004499    00000001              : gap_scanner.o (.bss)
                  2000449a    00000001              : gap_scanner.o (.bss)
                  2000449b    00000001              : gap_task.o (.bss)
                  2000449c    00000001              : gapgattserver.o (.bss)
                  2000449d    00000001              : gatt_task.o (.bss)
                  2000449e    00000001              : gatt_task.o (.bss)
                  2000449f    00000001              : gattservapp.o (.bss)
                  200044a0    00000001              : gattservapp.o (.bss)
                  200044a1    00000001              : gattservapp.o (.bss)
                  200044a2    00000001              : hci.o (.bss)
                  200044a3    00000001              : hci.o (.bss)
                  200044a4    00000001              : hci_tl.o (.bss)
                  200044a5    00000001              : hci_tl.o (.bss)
                  200044a6    00000001              : hci_tl.o (.bss)
                  200044a7    00000001              : hci_tl.o (.bss)
                  200044a8    00000001              : hci_tl.o (.bss)
                  200044a9    00000001              : hci_tl.o (.bss)
                  200044aa    00000001              : l2cap_if.o (.bss)
                  200044ab    00000001              : l2cap_task.o (.bss)
                  200044ac    00000001              : l2cap_task.o (.bss)
                  200044ad    00000001              : l2cap_task.o (.bss)
                  200044ae    00000001              : l2cap_task.o (.bss)
                  200044af    00000001              : l2cap_task.o (.bss)
                  200044b0    00000001              : l2cap_task.o (.bss)
                  200044b1    00000001              : l2cap_util.o (.bss)
                  200044b2    00000001              : l2cap_util.o (.bss)
                  200044b3    00000001              : linkdb.o (.bss)
                  200044b4    00000001              : linkdb.o (.bss)
                  200044b5    00000001              : ll.o (.bss)
                  200044b6    00000001              : ll.o (.bss)
                  200044b7    00000001              : ll.o (.bss)
                  200044b8    00000001              : ll.o (.bss)
                  200044b9    00000001              : ll.o (.bss)
                  200044ba    00000001              : ll.o (.bss)
                  200044bb    00000001              : ll.o (.bss)
                  200044bc    00000001              : ll.o (.bss)
                  200044bd    00000001              : ll.o (.bss)
                  200044be    00000001              : ll.o (.bss)
                  200044bf    00000001              : ll.o (.bss)
                  200044c0    00000001              : ll.o (.bss)
                  200044c1    00000001              : ll.o (.bss)
                  200044c2    00000001              : ll.o (.bss)
                  200044c3    00000001              : ll.o (.bss)
                  200044c4    00000001              : ll.o (.bss)
                  200044c5    00000001              : ll.o (.bss)
                  200044c6    00000001              : ll.o (.bss)
                  200044c7    00000001              : ll.o (.bss)
                  200044c8    00000001              : ll.o (.bss)
                  200044c9    00000001              : ll.o (.bss)
                  200044ca    00000001              : ll.o (.bss)
                  200044cb    00000001              : ll_ae.o (.bss)
                  200044cc    00000001              : ll_ae.o (.bss)
                  200044cd    00000001              : ll_ae.o (.bss)
                  200044ce    00000001              : ll_ae.o (.bss)
                  200044cf    00000001              : ll_ae.o (.bss)
                  200044d0    00000001              : ll_ae.o (.bss)
                  200044d1    00000001              : ll_config.o (.bss)
                  200044d2    00000001              : ll_config.o (.bss)
                  200044d3    00000001              : ll_isr.o (.bss)
                  200044d4    00000001              : sm_pairing.o (.bss)
                  200044d5    00000001              : sm_pairing.o (.bss)
                  200044d6    00000001              : sm_task.o (.bss)
                  200044d7    00000001              : sm_task.o (.bss)
                  200044d8    00000001              : sm_task.o (.bss)
                  200044d9    00000001     StackWrapper.a : ble_dispatch_lite.o (.bss)
                  200044da    00000001                    : gapbondmgr.o (.bss)
                  200044db    00000001                    : gapbondmgr.o (.bss)
                  200044dc    00000001                    : hal_assert.o (.bss)
                  200044dd    00000001                    : osal.o (.bss)
                  200044de    00000001                    : osal_pwrmgr.o (.bss)
                  200044df    00000001     (.common:NVOCMP_size)
                  200044e0    00000001     (.common:gAction)
                  200044e1    00000001     (.common:nvsCC26XXObjects)

.vtable    0    200044e2    00000000     UNINITIALIZED

.vtable_ram 
*          0    200044e2    00000000     UNINITIALIZED

vtable_ram 
*          0    200044e2    00000000     UNINITIALIZED

.sysmem    0    200044e2    00000000     UNINITIALIZED

.nonretenvar 
*          0    200044e2    00000000     UNINITIALIZED

.noinit    0    200044e2    00000000     UNINITIALIZED

.ramVecs   0    20004500    000000d8     UNINITIALIZED
                  20004500    000000d8     ti_sysbios_config.o (.ramVecs)

.stack     0    20007c00    00000400     UNINITIALIZED
                  20007c00    00000004     sysbios.a : boot_cortex_m.c.obj (.stack)
                  20007c04    000003fc     --HOLE--

.text      0    000000e0    0002bb66     
                  000000e0    0000120c     project_zero.o (.text.ProjectZero_taskFxn)
                  000012ec    00000b40     StackWrapper.a : gapbondmgr.o (.text)
                  00001e2c    000008d8     OneLib.a : ble.o (.text)
                  00002704    000006e4     StackWrapper.a : gapbondmgr.o (.text)
                  00002de8    000006d4     oad.o (.text.OAD_processQueue)
                  000034bc    000006cc     OneLib.a : ll_adv_end_causes.o (.text)
                  00003b88    00000520              : ll_peripheral_end_causes.o (.text)
                  000040a8    000004a0     rf_multiMode_cc26x1.a : RFCC26X2_multiMode.c.cc26x1.ticlang.o (.text.RF_fsmActiveState)
                  00004548    0000047c     OneLib.a : ll_ae.o (.text)
                  000049c4    00000454              : ll_peripheral_end_causes.o (.text)
                  00004e18    000003e0     oad.o (.text.oadProcessExtControlCmd)
                  000051f8    0000039c     OneLib.a : ll_peripheral_end_causes.o (.text)
                  00005594    00000360              : ll_scheduler.o (.text)
                  000058f4    0000035c     ti_sysbios_config.o (.text.ti_sysbios_runtime_System_doPrint)
                  00005c50    0000030a     OneLib.a : ll_isr.o (.text)
                  00005f5a    00000002     ti_sysbios_config.o (.text.BIOS_nullFunc)
                  00005f5c    00000308     OneLib.a : ll.o (.text)
                  00006264    0000001c     ti_sysbios_config.o (.text.BIOS_rtsLock)
                  00006280    000002dc     libc.a : strcmp_t2.S.obj (.text:strcmp)
                  0000655c    000002c8     drivers_cc26x1.a : SPICC26X2DMA.c.obj (.text.SPICC26X2DMA_transfer)
                  00006824    000002c8     StackWrapper.a : gapbondmgr.o (.text)
                  00006aec    000002b0     nvocmp.o (.text.NVOCMP_initNvApi)
                  00006d9c    000002ac     OneLib.a : ll_common.o (.text)
                  00007048    000002a4              : ll_ae.o (.text)
                  000072ec    000002a0              : ll.o (.text)
                  0000758c    00000284     nvocmp.o (.text.NVOCMP_compactPage)
                  00007810    00000280     OneLib.a : ll.o (.text)
                  00007a90    0000026c              : gap_scanner.o (.text)
                  00007cfc    00000260              : hci_event.o (.text)
                  00007f5c    0000025c     rf_multiMode_cc26x1.a : RFCC26X2_multiMode.c.cc26x1.ticlang.o (.text.RF_open)
                  000081b8    0000025c     StackWrapper.a : gapbondmgr.o (.text)
                  00008414    0000024c     nvocmp.o (.text.NVOCMP_addItem)
                  00008660    00000224     OneLib.a : ll_common.o (.text)
                  00008884    00000214              : ll_isr.o (.text)
                  00008a98    00000204              : gattservapp.o (.text)
                  00008c9c    00000204              : sm_pairing.o (.text)
                  00008ea0    000001f0     drivers_cc26x1.a : UART2CC26X2.c.obj (.text.UART2CC26X2_hwiIntFxn)
                  00009090    000001ec     OneLib.a : ll.o (.text)
                  0000927c    000001e8     rf_multiMode_cc26x1.a : RFCC26X2_multiMode.c.cc26x1.ticlang.o (.text.RF_scheduleCmd)
                  00009464    000001dc                           : RFCC26X2_multiMode.c.cc26x1.ticlang.o (.text.RF_dispatchNextCmd)
                  00009640    000001dc     OneLib.a : ll_scheduler.o (.text)
                  0000981c    000001dc              : sm_rsppairing.o (.text)
                  000099f8    000001cc              : gatt_client.o (.text)
                  00009bc4    000001c4     drivers_cc26x1.a : SPICC26X2DMA.c.obj (.text.SPICC26X2DMA_hwiFxn)
                  00009d88    000001c4     OneLib.a : ll.o (.text)
                  00009f4c    000001c4              : ll_scheduler.o (.text)
                  0000a110    000001c0     ble_user_config_stack.o (.text.setBleUserConfig)
                  0000a2d0    000001c0     OneLib.a : sm_intpairing.o (.text)
                  0000a490    000001b6     libclang_rt.builtins.a : adddf3.S.obj (.text.adddf3_subdf3)
                  0000a646    00000002     ti_drivers_config.o (.text.Board_initHook)
                  0000a648    000001b4     OneLib.a : ll_common.o (.text)
                  0000a7fc    000001b0     ti_sysbios_config.o (.text.mq_open)
                  0000a9ac    000001b0     OneLib.a : ll_data.o (.text)
                  0000ab5c    000001ac              : ll_adv_end_causes.o (.text)
                  0000ad08    000001ac     StackWrapper.a : osal.o (.text)
                  0000aeb4    000001a8     ecc_cc13x1_cc26x1.a : scalarMul25519.c.obj (.text.X25519_core)
                  0000b05c    000001a0     drivers_cc26x1.a : AESECBCC26XX.c.obj (.text.AESECB_addDataInternal)
                  0000b1fc    000001a0     OneLib.a : gap_advertiser.o (.text)
                  0000b39c    000001a0              : ll_common.o (.text)
                  0000b53c    00000194     drivers_cc26x1.a : PowerCC26X2_calibrateRCOSC.c.obj (.text.PowerCC26X2_auxISR)
                  0000b6d0    00000190                      : SPICC26X2DMA.c.obj (.text.SPICC26X2DMA_open)
                  0000b860    00000190     OneLib.a : ll_common.o (.text)
                  0000b9f0    0000018c     drivers_cc26x1.a : UART2CC26X2.c.obj (.text.UART2_open)
                  0000bb7c    00000188                      : AESCCMCC26XX.c.obj (.text.AESCCM_startOperation)
                  0000bd04    00000180                      : ECDHCC26X1.c.obj (.text.ECDH_computeSharedSecret)
                  0000be84    0000017c     OneLib.a : ll_isr.o (.text)
                  0000c000    0000017c              : sm_intpairing.o (.text)
                  0000c17c    00000178              : gattservapp.o (.text)
                  0000c2f4    00000178              : ll_isr.o (.text)
                  0000c46c    00000174     drivers_cc26x1.a : UART2.c.obj (.text.UART2_writeTimeoutBlocking)
                  0000c5e0    00000174     OneLib.a : gap_task.o (.text)
                  0000c754    00000170     data_service.o (.text.Data_Service_WriteAttrCB)
                  0000c8c4    00000170     OneLib.a : ll.o (.text)
                  0000ca34    0000016c     crc32.o (.text.CRC32_calc)
                  0000cba0    0000016c     drivers_cc26x1.a : SPICC26X2DMA.c.obj (.text.configNextTransfer)
                  0000cd0c    00000168     OneLib.a : ll_scheduler.o (.text)
                  0000ce74    00000164              : sm_task.o (.text)
                  0000cfd8    0000015c     drivers_cc26x1.a : NVSSPI25X.c.obj (.text.NVSSPI25X_write)
                  0000d134    0000015c     UartLog.o (.text.uartLog_flush)
                  0000d290    0000015c     OneLib.a : sm_mgr.o (.text)
                  0000d3ec    00000158     drivers_cc26x1.a : AESCTRCC26XX.c.obj (.text.AESCTR_processData)
                  0000d544    00000158                      : PowerCC26X2.c.obj (.text.Power_sleep)
                  0000d69c    00000154     OneLib.a : l2cap_task.o (.text)
                  0000d7f0    00000154              : ll_isr.o (.text)
                  0000d944    00000152              : ll_adv_end_causes.o (.text)
                  0000da96    00000002     ble_user_config.o (.text.DefaultAssertCback)
                  0000da98    0000014c     icall.o (.text.ICall_waitMatch)
                  0000dbe4    0000014c     rf_multiMode_cc26x1.a : RFCC26X2_multiMode.c.cc26x1.ticlang.o (.text.RF_radioOpDoneCb)
                  0000dd30    0000014c     OneLib.a : gap_advertiser.o (.text)
                  0000de7c    0000014c              : gatt_server.o (.text)
                  0000dfc8    00000148              : ll_isr.o (.text)
                  0000e110    00000144     data_service.o (.text.DataService_SetParameter)
                  0000e254    00000140     OneLib.a : gattservapp.o (.text)
                  0000e394    00000140     StackWrapper.a : gap.o (.text)
                  0000e4d4    0000013c     rf_multiMode_cc26x1.a : RFCC26X2_multiMode.c.cc26x1.ticlang.o (.text.RF_abortCmd)
                  0000e610    00000138                           : RFCC26X2_multiMode.c.cc26x1.ticlang.o (.text.RF_fsmSetupState)
                  0000e748    00000138     OneLib.a : sm_mgr.o (.text)
                  0000e880    00000134     rf_multiMode_cc26x1.a : RFCC26X2_multiMode.c.cc26x1.ticlang.o (.text.RF_ratSetupChannel)
                  0000e9b4    00000130     OneLib.a : l2cap_util.o (.text)
                  0000eae4    00000130              : ll_common.o (.text)
                  0000ec14    0000012c     main.o (.text.AssertHandler)
                  0000ed40    0000012c     button_service.o (.text.ButtonService_SetParameter)
                  0000ee6c    0000012c     drivers_cc26x1.a : TRNGCC26XX.c.obj (.text.TRNGCC26XX_hwiFxn)
                  0000ef98    0000012c     OneLib.a : gattservapp.o (.text)
                  0000f0c4    00000128              : ll_init_end_causes.o (.text)
                  0000f1ec    00000120     nvocmp.o (.text.NVOCMP_findItem)
                  0000f30c    00000120     StackWrapper.a : osal.o (.text)
                  0000f42c    0000011c     ti_sysbios_config.o (.text.ti_sysbios_family_arm_cc26xx_Timer_construct)
                  0000f548    0000011c     OneLib.a : sm_rsppairing.o (.text)
                  0000f664    0000011a              : l2cap_task.o (.text)
                  0000f77e    00000002     drivers_cc26x1.a : ECDHCC26X1.c.obj (.text.ECDH_init)
                  0000f780    00000118                      : PowerCC26X2.c.obj (.text.Power_init)
                  0000f898    00000118     rf_multiMode_cc26x1.a : RFCC26X2_multiMode.c.cc26x1.ticlang.o (.text.RF_decodeOverridePointers)
                  0000f9b0    00000118     drivers_cc26x1.a : UART2.c.obj (.text.UART2_writeTimeoutNonblocking)
                  0000fac8    00000118     OneLib.a : gattservapp.o (.text)
                  0000fbe0    00000114     oad.o (.text.OAD_open)
                  0000fcf4    00000114     OneLib.a : ll_common.o (.text)
                  0000fe08    00000110              : gattservapp.o (.text)
                  0000ff18    00000110              : ll_isr.o (.text)
                  00010028    0000010c     drivers_cc26x1.a : NVSSPI25X.c.obj (.text.NVSSPI25X_open)
                  00010134    0000010c                      : PowerCC26X2_calibrateRCOSC.c.obj (.text.PowerCC26X2_calibrate)
                  00010240    0000010c     OneLib.a : gatt_server.o (.text)
                  0001034c    0000010a              : gatt_client.o (.text)
                  00010456    00000002     rom_init.o (.text.MAP_LL_SDAA_HandleSDAALastCmdDone)
                  00010458    00000108     drivers_cc26x1.a : ECDHCC26X1.c.obj (.text.ECDH_generatePublicKey)
                  00010560    00000108                      : NVSCC26XX.c.obj (.text.NVSCC26XX_write)
                  00010668    00000108     rf_multiMode_cc26x1.a : RFCC26X2_multiMode.c.cc26x1.ticlang.o (.text.RF_fsmPowerUpState)
                  00010770    00000104     drivers_cc26x1.a : GPIOCC26X2.c.obj (.text.GPIO_init)
                  00010874    00000104     led_service.o (.text.LED_Service_WriteAttrCB)
                  00010978    00000104     drivers_cc26x1.a : UART2CC26X2.c.obj (.text.UART2CC26X2_initHw)
                  00010a7c    00000104     project_zero.o (.text.projectZero_eraseExternalFlash)
                  00010b80    00000102     drivers_cc26x1.a : AESCTRDRBGXX.c.obj (.text.AESCTRDRBG_getRandomBytes)
                  00010c82    00000002     rom_init.o (.text.MAP_LL_SDAA_Init)
                  00010c84    00000100     OneLib.a : ll_ae.o (.text)
                  00010d84    000000fc     rf_multiMode_cc26x1.a : RFCC26X2_multiMode.c.cc26x1.ticlang.o (.text.RF_hwiCpe0Active)
                  00010e80    000000fc     libclang_rt.builtins.a : muldf3.S.obj (.text.__muldf3)
                  00010f7c    000000fc     drivers_cc26x1.a : SPICC26X2DMA.c.obj (.text.csnCallback)
                  00011078    000000fc     OneLib.a : ll_common.o (.text)
                  00011174    000000fc              : ll_isr.o (.text)
                  00011270    000000fc              : sm_intpairing.o (.text)
                  0001136c    000000f8     ti_sysbios_config.o (.text.ti_sysbios_runtime_System_printfExtend)
                  00011464    000000f8     OneLib.a : sm_rsppairing.o (.text)
                  0001155c    000000f6              : sm_mgr.o (.text)
                  00011652    00000002     rom_init.o (.text.MAP_LL_SDAA_RecordTxUsage)
                  00011654    000000f4     drivers_cc26x1.a : TRNGCC26XX.c.obj (.text.TRNG_getRandom)
                  00011748    000000f4     OneLib.a : gap_linkmgr.o (.text)
                  0001183c    000000f4              : ll_data.o (.text)
                  00011930    000000f0     rf_multiMode_cc26x1.a : rfc.c.cc26x1.ticlang.o (.text.NOROM_RFCRfTrimRead)
                  00011a20    000000f0     driverlib.lib : sys_ctrl.c.obj (.text.NOROM_SysCtrlStandby)
                  00011b10    000000f0     drivers_cc26x1.a : UART2CC26X2.c.obj (.text.UART2Support_dmaStartRx)
                  00011c00    000000f0     ti_sysbios_config.o (.text.ti_sysbios_knl_Event_pend)
                  00011cf0    000000f0     OneLib.a : ll_scheduler.o (.text)
                  00011de0    000000ec     sysbios.a : Hwi_asm_gcc.s.obj (.text.ti_sysbios_family_arm_m3_Hwi_dispatch)
                  00011ecc    000000ec     OneLib.a : sm_pairing.o (.text)
                  00011fb8    000000e8     drivers_cc26x1.a : AESCTRDRBGXX.c.obj (.text.AESCTRDRBG_construct)
                  000120a0    000000e8     OneLib.a : gap_advertiser.o (.text)
                  00012188    000000e4     ti_sysbios_config.o (.text.ti_sysbios_knl_Semaphore_pend)
                  0001226c    000000e4     OneLib.a : gatt_client.o (.text)
                  00012350    000000e4              : ll.o (.text)
                  00012434    000000e4              : ll.o (.text)
                  00012518    000000e4              : ll_scheduler.o (.text)
                  000125fc    000000e4              : sm_pairing.o (.text)
                  000126e0    000000e2              : gapgattserver.o (.text)
                  000127c2    000000e2              : ll_ae.o (.text)
                  000128a4    000000e0     drivers_cc26x1.a : SPICC26X2DMA.c.obj (.text.SPICC26X2DMA_control)
                  00012984    000000e0     driverlib.lib : setup.c.obj (.text.TrimAfterColdResetWakeupFromShutDown)
                  00012a64    000000e0     OneLib.a : ll_ae.o (.text)
                  00012b44    000000e0     StackWrapper.a : osal_timers.o (.text)
                  00012c24    000000dc     rf_multiMode_cc26x1.a : RFCC26X2_multiMode.c.cc26x1.ticlang.o (.text.RF_control)
                  00012d00    000000dc     drivers_cc26x1.a : NVSSPI25X.c.obj (.text.doErase)
                  00012ddc    000000dc     OneLib.a : att_util.o (.text)
                  00012eb8    000000dc              : gap_linkmgr.o (.text)
                  00012f94    000000dc              : hci_event.o (.text)
                  00013070    000000dc              : hci_event.o (.text)
                  0001314c    000000dc              : ll_common.o (.text)
                  00013228    000000dc              : ll_isr.o (.text)
                  00013304    000000d8     devinfoservice.o (.text.DevInfo_SetParameter)
                  000133dc    000000d8     ti_ble_config.o (.text.setBondManagerParameters)
                  000134b4    000000d8     ti_sysbios_config.o (.text.ti_sysbios_family_arm_m3_Hwi_excFillContext)
                  0001358c    000000d8     OneLib.a : hci_event.o (.text)
                  00013664    000000d8              : sm_pairing.o (.text)
                  0001373c    000000d6     drivers_cc26x1.a : AESCTRDRBGXX.c.obj (.text.AESCTRDRBG_reseed)
                  00013812    000000d6     OneLib.a : sm_mgr.o (.text)
                  000138e8    000000d2              : l2cap_task.o (.text)
                  000139ba    00000002     rom_init.o (.text.MAP_LL_SDAA_SampleRXWindow)
                  000139bc    000000d0     driverlib.lib : setup.c.obj (.text.NOROM_SetupTrimDevice)
                  00013a8c    000000d0     drivers_cc26x1.a : PowerCC26X2.c.obj (.text.configureXOSCHF)
                  00013b5c    000000d0     OneLib.a : ll_ae.o (.text)
                  00013c2c    000000d0              : sm_mgr.o (.text)
                  00013cfc    000000cc     ti_sysbios_config.o (.text.ti_sysbios_knl_Clock_workFuncDynamic)
                  00013dc8    000000cc     OneLib.a : hci_event.o (.text)
                  00013e94    000000cc              : ll.o (.text)
                  00013f60    000000cc              : ll_common.o (.text)
                  0001402c    000000ca     rf_multiMode_cc26x1.a : RFCC26X2_multiMode.c.cc26x1.ticlang.o (.text.RF_updatePaConfiguration)
                  000140f6    000000ca     OneLib.a : sm_mgr.o (.text)
                  000141c0    000000c8     button_service.o (.text.Button_Service_WriteAttrCB)
                  00014288    000000c8     led_service.o (.text.LED_Service_ReadAttrCB)
                  00014350    000000c8     OneLib.a : gap_scanner.o (.text)
                  00014418    000000c8              : gap_scanner.o (.text)
                  000144e0    000000c8              : ll_ae.o (.text)
                  000145a8    000000c8              : ll_ae.o (.text)
                  00014670    000000c8              : sm_mgr.o (.text)
                  00014738    000000c8              : sm_pairing.o (.text)
                  00014800    000000c8              : sm_rsppairing.o (.text)
                  000148c8    000000c8              : sm_rsppairing.o (.text)
                  00014990    000000c6              : ll_al.o (.text)
                  00014a56    00000002     rom_init.o (.text.MAP_llClearPeriodicAdvSets)
                  00014a58    000000c4     button_service.o (.text.Button_Service_ReadAttrCB)
                  00014b1c    000000c4     data_service.o (.text.Data_Service_ReadAttrCB)
                  00014be0    000000c4     OneLib.a : gap_advertiser.o (.text)
                  00014ca4    000000c4              : gapgattserver.o (.text)
                  00014d68    000000c4              : sm_pairing.o (.text)
                  00014e2c    000000c0     led_service.o (.text.LedService_SetParameter)
                  00014eec    000000c0     OneLib.a : hci_event.o (.text)
                  00014fac    000000c0              : ll.o (.text)
                  0001506c    000000c0              : ll_scheduler.o (.text)
                  0001512c    000000c0              : ll_scheduler.o (.text)
                  000151ec    000000be              : gap_linkmgr.o (.text)
                  000152aa    000000be              : ll_ae.o (.text)
                  00015368    000000bc     rf_multiMode_cc26x1.a : RFCC26X2_multiMode.c.cc26x1.ticlang.o (.text.RF_swiHw)
                  00015424    000000bc     drivers_cc26x1.a : UART2CC26X2.c.obj (.text.UART2Support_dmaStartTx)
                  000154e0    000000bc     oad.o (.text.oadCreateFactoryImageBackup)
                  0001559c    000000bc     oad.o (.text.oadWriteAttrCB)
                  00015658    000000bc     OneLib.a : gap_advertiser.o (.text)
                  00015714    000000bc              : hci_event.o (.text)
                  000157d0    000000bc              : hci_event.o (.text)
                  0001588c    000000bc              : l2cap_util.o (.text)
                  00015948    000000bc              : ll_common.o (.text)
                  00015a04    000000bc              : ll_enc.o (.text)
                  00015ac0    000000bc              : sm_rsppairing.o (.text)
                  00015b7c    000000b8     devinfoservice.o (.text.devInfo_ReadAttrCB)
                  00015c34    000000b8     ti_sysbios_config.o (.text.ti_sysbios_knl_Task_Instance_finalize)
                  00015cec    000000b8     ti_sysbios_config.o (.text.ti_sysbios_knl_Task_setPri)
                  00015da4    000000b8     OneLib.a : gap_scanner.o (.text)
                  00015e5c    000000b8              : hci_event.o (.text)
                  00015f14    000000b8              : l2cap_task.o (.text)
                  00015fcc    000000b8     StackWrapper.a : gattservapp_util.o (.text)
                  00016084    000000b4     ti_sysbios_config.o (.text.PowerCC26XX_standbyPolicy)
                  00016138    000000b4     main.o (.text.main)
                  000161ec    000000b4     StackWrapper.a : gapbondmgr.o (.text)
                  000162a0    000000b4                    : osal.o (.text)
                  00016354    000000b2     OneLib.a : gatt_server.o (.text)
                  00016406    00000002     rom_init.o (.text.MAP_llCoexSetParams)
                  00016408    000000b0     drivers_cc26x1.a : PowerCC26X2.c.obj (.text.Power_setDependency)
                  000164b8    000000b0     OneLib.a : gap_linkmgr.o (.text)
                  00016568    000000b0              : gatt_client.o (.text)
                  00016618    000000b0              : gatt_server.o (.text)
                  000166c8    000000b0              : gattservapp.o (.text)
                  00016778    000000b0              : l2cap_util.o (.text)
                  00016828    000000b0              : ll_ae.o (.text)
                  000168d8    000000b0              : ll_ecc.o (.text)
                  00016988    000000b0     StackWrapper.a : gapbondmgr.o (.text)
                  00016a38    000000b0                    : gattservapp_util.o (.text)
                  00016ae8    000000b0     libclang_rt.builtins.a : udivmoddi4.S.obj (.text)
                  00016b98    000000ac     drivers_cc26x1.a : PowerCC26X2.c.obj (.text.Power_releaseDependency)
                  00016c44    000000ac     rf_multiMode_cc26x1.a : RFCC26X2_multiMode.c.cc26x1.ticlang.o (.text.RF_pendCmd)
                  00016cf0    000000ac     OneLib.a : gap_centlinkmgr.o (.text)
                  00016d9c    000000ac              : gattservapp.o (.text)
                  00016e48    000000ac     StackWrapper.a : gapbondmgr.o (.text)
                  00016ef4    000000aa     OneLib.a : ll_common.o (.text)
                  00016f9e    000000aa              : sm_mgr.o (.text)
                  00017048    000000aa              : smp.o (.text)
                  000170f2    00000002     rom_init.o (.text.MAP_llCoexUpdateCounters)
                  000170f4    000000a8     OneLib.a : gatt_task.o (.text)
                  0001719c    000000a8              : gattservapp.o (.text)
                  00017244    000000a8              : gattservapp.o (.text)
                  000172ec    000000a8              : hci_data.o (.text)
                  00017394    000000a8              : ll_common.o (.text)
                  0001743c    000000a8              : ll_isr.o (.text)
                  000174e4    000000a8     StackWrapper.a : osal_cbtimer.o (.text)
                  0001758c    000000a6     OneLib.a : smp.o (.text)
                  00017632    000000a4     drivers_cc26x1.a : AESCTRCC26XX.c.obj (.text.AESCTR_startOneStepOperation)
                  000176d6    00000002     rom_init.o (.text.MAP_llDmmDynamicFree)
                  000176d8    000000a4     icall.o (.text.ICall_heapMalloc)
                  0001777c    000000a4     rf_multiMode_cc26x1.a : RFCC26X2_multiMode.c.cc26x1.ticlang.o (.text.RF_initRadioSetup)
                  00017820    000000a4     ti_sysbios_config.o (.text.ti_sysbios_knl_Task_Instance_init)
                  000178c4    000000a4     OneLib.a : hci_event.o (.text)
                  00017968    000000a4              : ll_ae.o (.text)
                  00017a0c    000000a4              : ll_common.o (.text)
                  00017ab0    000000a4              : ll_common.o (.text)
                  00017b54    000000a4              : sm_intpairing.o (.text)
                  00017bf8    000000a0     rf_multiMode_cc26x1.a : RFCC26X2_multiMode.c.cc26x1.ticlang.o (.text.RF_calculateDispatchTime)
                  00017c98    000000a0     OneLib.a : ll_common.o (.text)
                  00017d38    000000a0              : ll_scheduler.o (.text)
                  00017dd8    000000a0              : sm_task.o (.text)
                  00017e78    0000009e     drivers_cc26x1.a : SPICC26X2DMA.c.obj (.text.finishTransfer)
                  00017f16    0000009e     OneLib.a : linkdb.o (.text)
                  00017fb4    0000009c     project_zero.o (.text.ProjectZero_updatePHYStat)
                  00018050    0000009c     ti_sysbios_config.o (.text.ti_sysbios_knl_Mailbox_Instance_init)
                  000180ec    0000009c     OneLib.a : ll.o (.text)
                  00018188    0000009c              : ll_ecc.o (.text)
                  00018224    0000009c              : ll_scheduler.o (.text)
                  000182c0    0000009c              : sm_intpairing.o (.text)
                  0001835c    0000009c              : sm_mgr.o (.text)
                  000183f8    00000098     driverlib.lib : aes.c.obj (.text.NOROM_AESWriteToKeyStore)
                  00018490    00000098     nvocmp.o (.text.NVOCMP_erase)
                  00018528    00000098     rf_multiMode_cc26x1.a : RFCC26X2_multiMode.c.cc26x1.ticlang.o (.text.RF_defaultSubmitPolicy)
                  000185c0    00000098     OneLib.a : gap_scanner.o (.text)
                  00018658    00000098              : gatt_server.o (.text)
                  000186f0    00000098              : gattservapp.o (.text)
                  00018788    00000098              : hci_event.o (.text)
                  00018820    00000098              : l2cap_util.o (.text)
                  000188b8    00000098              : l2cap_util.o (.text)
                  00018950    00000098              : ll_common.o (.text)
                  000189e8    00000098              : ll_isr.o (.text)
                  00018a80    00000096     rf_multiMode_cc26x1.a : RFCC26X2_multiMode.c.cc26x1.ticlang.o (.text.RF_verifyGap)
                  00018b16    00000002     rom_init.o (.text.MAP_llDmmSetThreshold)
                  00018b18    00000094     rf_multiMode_cc26x1.a : RFCC26X2_multiMode.c.cc26x1.ticlang.o (.text.RF_ratRestartChannels)
                  00018bac    00000094     UartLog.o (.text.UartLog_log)
                  00018c40    00000094     project_zero.o (.text.buttonDebounceSwiFxn)
                  00018cd4    00000094     ti_sysbios_config.o (.text.ti_sysbios_knl_Clock_startI)
                  00018d68    00000094     ti_sysbios_config.o (.text.ti_sysbios_knl_Task_sleep)
                  00018dfc    00000094     OneLib.a : ble.o (.text)
                  00018e90    00000094              : gap_linkmgr.o (.text)
                  00018f24    00000094              : ll.o (.text)
                  00018fb8    00000094              : ll_isr.o (.text)
                  0001904c    00000094              : ll_privacy.o (.text)
                  000190e0    00000094              : sm_pairing.o (.text)
                  00019174    00000092              : ll_common.o (.text)
                  00019206    00000002     rom_init.o (.text.MAP_llHealthUpdate)
                  00019208    00000090     drivers_cc26x1.a : GPIOCC26XX.c.obj (.text.GPIO_setConfigAndMux)
                  00019298    00000090                      : SPICC26X2DMA.c.obj (.text.SPICC26X2DMA_transferCancel)
                  00019328    00000090     osal_icall_ble.o (.text.osalInitTasks)
                  000193b8    00000090     OneLib.a : gatt_client.o (.text)
                  00019448    00000090              : hci_event.o (.text)
                  000194d8    00000090              : l2cap_if.o (.text)
                  00019568    00000090              : ll.o (.text)
                  000195f8    00000090              : ll_ae.o (.text)
                  00019688    00000090              : ll_common.o (.text)
                  00019718    00000090              : sm_pairing.o (.text)
                  000197a8    00000090              : sm_pairing.o (.text)
                  00019838    00000090              : sm_pairing.o (.text)
                  000198c8    0000008c     drivers_cc26x1.a : TRNGCC26XX.c.obj (.text.TRNG_construct)
                  00019954    0000008c     ti_sysbios_config.o (.text.ti_sysbios_knl_Mailbox_post)
                  000199e0    0000008c     project_zero.o (.text.util_arrtohex)
                  00019a6c    0000008c     OneLib.a : gap_task.o (.text)
                  00019af8    0000008c              : gatt_client.o (.text)
                  00019b84    0000008c              : gattservapp.o (.text)
                  00019c10    0000008c              : l2cap_util.o (.text)
                  00019c9c    0000008c              : l2cap_util.o (.text)
                  00019d28    0000008c              : ll_isr.o (.text)
                  00019db4    0000008c              : ll_privacy.o (.text)
                  00019e40    00000088     button_service.o (.text.ButtonService_AddService)
                  00019ec8    00000088     rf_multiMode_cc26x1.a : RFCC26X2_multiMode.c.cc26x1.ticlang.o (.text.RF_cmdDispatchTime)
                  00019f50    00000088                           : RFCC26X2_multiMode.c.cc26x1.ticlang.o (.text.RF_discardPendCmd)
                  00019fd8    00000088     OneLib.a : gap_linkmgr.o (.text)
                  0001a060    00000088              : gatt_server.o (.text)
                  0001a0e8    00000088              : hci_event.o (.text)
                  0001a170    00000088              : hci_event.o (.text)
                  0001a1f8    00000088              : hci_event.o (.text)
                  0001a280    00000088              : sm_rsppairing.o (.text)
                  0001a308    00000088     StackWrapper.a : osal_cbtimer.o (.text)
                  0001a390    00000086     OneLib.a : ll_common.o (.text)
                  0001a416    00000002     rom_init.o (.text.MAP_llPeriodicAdv_PostProcess)
                  0001a418    00000084     icall.o (.text.ICall_setTimer)
                  0001a49c    00000084     project_zero.o (.text.ProjectZero_sendParamUpdate)
                  0001a520    00000084     rf_multiMode_cc26x1.a : RFCC26X2_multiMode.c.cc26x1.ticlang.o (.text.RF_getInfo)
                  0001a5a4    00000084     ecc_cc13x1_cc26x1.a : scalarMul25519.c.obj (.text.X25519_final)
                  0001a628    00000084     oad.o (.text.oadResetState)
                  0001a6ac    00000084     OneLib.a : ble.o (.text)
                  0001a730    00000084              : gap_linkmgr.o (.text)
                  0001a7b4    00000084              : gatt_client.o (.text)
                  0001a838    00000084              : gatt_server.o (.text)
                  0001a8bc    00000084              : gattservapp.o (.text)
                  0001a940    00000084              : gattservapp.o (.text)
                  0001a9c4    00000084              : hci_event.o (.text)
                  0001aa48    00000084              : ll_ae.o (.text)
                  0001aacc    00000084              : ll_enc.o (.text)
                  0001ab50    00000082              : gattservapp.o (.text)
                  0001abd2    00000082              : ll.o (.text)
                  0001ac54    00000080     drivers_cc26x1.a : AESCTRCC26XX.c.obj (.text.AESCTR_hwiFxn)
                  0001acd4    00000080     data_service.o (.text.DataService_AddService)
                  0001ad54    00000080     drivers_cc26x1.a : NVSSPI25X.c.obj (.text.NVSSPI25X_close)
                  0001add4    00000080                      : UART2CC26X2.c.obj (.text.UART2Support_dmaStopTx)
                  0001ae54    00000080                      : NVSCC26XX.c.obj (.text.doErase)
                  0001aed4    00000080     oad.o (.text.oadSendNotification)
                  0001af54    00000080     ti_sysbios_config.o (.text.ti_sysbios_gates_GateMutexPri_enter)
                  0001afd4    00000080     ti_sysbios_config.o (.text.ti_sysbios_knl_Clock_init)
                  0001b054    00000080     OneLib.a : gattservapp.o (.text)
                  0001b0d4    00000080              : l2cap_task.o (.text)
                  0001b154    00000080              : l2cap_task.o (.text)
                  0001b1d4    00000080              : l2cap_util.o (.text)
                  0001b254    00000080              : ll_isr.o (.text)
                  0001b2d4    0000007e     nvocmp.o (.text.NVOCMP_readHeader)
                  0001b352    0000007e     OneLib.a : gap_task.o (.text)
                  0001b3d0    0000007e              : ll_common.o (.text)
                  0001b44e    0000007e              : ll_common.o (.text)
                  0001b4cc    0000007c     rf_multiMode_cc26x1.a : RFCC26X2_multiMode.c.cc26x1.ticlang.o (.text.RF_ratDisableChannel)
                  0001b548    0000007c     drivers_cc26x1.a : NVSSPI25X.c.obj (.text.doRead)
                  0001b5c4    0000007c     icall.o (.text.icall_directAPI)
                  0001b640    0000007c     ti_sysbios_config.o (.text.ti_sysbios_family_arm_m3_Hwi_postInit)
                  0001b6bc    0000007c     OneLib.a : gatt_client.o (.text)
                  0001b738    0000007c              : gatt_server.o (.text)
                  0001b7b4    0000007c              : hci_event.o (.text)
                  0001b830    0000007c              : hci_event.o (.text)
                  0001b8ac    0000007c              : hci_event.o (.text)
                  0001b928    0000007c              : hci_event.o (.text)
                  0001b9a4    0000007c              : ll_ae.o (.text)
                  0001ba20    0000007c     StackWrapper.a : gapbondmgr.o (.text)
                  0001ba9c    0000007a     drivers_cc26x1.a : AESCTRDRBGXX.c.obj (.text.AESCTRDRBGXX_updateState)
                  0001bb16    00000002     rom_init.o (.text.MAP_llProcessCentralConnectionCreated)
                  0001bb18    00000078     icall.o (.text.ICall_heapInit)
                  0001bb90    00000078     drivers_cc26x1.a : NVSCC26XX.c.obj (.text.NVSCC26XX_open)
                  0001bc08    00000078     rf_multiMode_cc26x1.a : RFCC26X2_multiMode.c.cc26x1.ticlang.o (.text.RF_ratFreeChannel)
                  0001bc80    00000078     drivers_cc26x1.a : SPICC26X2DMA.c.obj (.text.SPICC26X2DMA_close)
                  0001bcf8    00000078     main.o (.text.SPI_writeRegister)
                  0001bd70    00000078     ti_sysbios_config.o (.text.ti_sysbios_knl_Task_postInit)
                  0001bde8    00000078     OneLib.a : gatt_client.o (.text)
                  0001be60    00000078              : gatt_task.o (.text)
                  0001bed8    00000078              : hci_event.o (.text)
                  0001bf50    00000078              : l2cap_if.o (.text)
                  0001bfc8    00000078              : l2cap_task.o (.text)
                  0001c040    00000078              : ll_common.o (.text)
                  0001c0b8    00000078              : ll_common.o (.text)
                  0001c130    00000078              : ll_common.o (.text)
                  0001c1a8    00000078              : ll_common.o (.text)
                  0001c220    00000078              : ll_privacy.o (.text)
                  0001c298    00000078     StackWrapper.a : osal_bufmgr.o (.text)
                  0001c310    00000076     OneLib.a : gatt_client.o (.text)
                  0001c386    00000076              : gatt_server.o (.text)
                  0001c3fc    00000076              : gattservapp.o (.text)
                  0001c472    00000076     StackWrapper.a : gap.o (.text)
                  0001c4e8    00000074     nvocmp.o (.text.NVOCMP_readItemApi)
                  0001c55c    00000074     drivers_cc26x1.a : PowerCC26X2_calibrateRCOSC_helpers.c.obj (.text.PowerCC26X2_updateSubSecInc)
                  0001c5d0    00000074     rf_multiMode_cc26x1.a : RFCC26X2_multiMode.c.cc26x1.ticlang.o (.text.RF_hwiHw)
                  0001c644    00000074     main.o (.text.SPI_init_ADXL362)
                  0001c6b8    00000074     ti_sysbios_config.o (.text.ti_sysbios_family_arm_m3_Hwi_initNVIC)
                  0001c72c    00000074     ti_sysbios_config.o (.text.ti_sysbios_knl_Swi_restoreHwi)
                  0001c7a0    00000074     ti_sysbios_config.o (.text.ti_sysbios_knl_Task_startup)
                  0001c814    00000074     OneLib.a : gap_linkmgr.o (.text)
                  0001c888    00000074              : gatt_server.o (.text)
                  0001c8fc    00000074              : gatt_server.o (.text)
                  0001c970    00000074              : gatt_server.o (.text)
                  0001c9e4    00000074              : ll.o (.text)
                  0001ca58    00000074              : ll_ae.o (.text)
                  0001cacc    00000074              : ll_common.o (.text)
                  0001cb40    00000074              : ll_common.o (.text)
                  0001cbb4    00000074              : ll_common.o (.text)
                  0001cc28    00000074              : ll_enc.o (.text)
                  0001cc9c    00000074              : sm_pairing.o (.text)
                  0001cd10    00000074     StackWrapper.a : osal_cbtimer.o (.text)
[...]
20003d80  NVOCMP_nvHandle                                                 
20003dae  attrLen                                                         
20003dd8  aesecbCC26XXObjects                                             
20003e00  llCteSamples                                                    
20003e24  rfSetup                                                         
20003e48  operationCCM                                                    
20003eac  req                                                             
20003ecc  localPrivKeyMaterial                                            
20003eec  enckey                                                          
20003f0c  gapBond_remoteOobData                                           
20003f2c  gapBond_localOobData                                            
20003f4c  spiParams                                                       
20003f6c  ti_sysbios_runtime_System_atexitHandlers                        
20003f8c  udmaCC26XXObject                                                
20003fc8  trxTestCmd                                                      
20003fe4  gapParams                                                       
20004000  extScanCmd                                                      
2000401c  extInitCmd                                                      
20004038  BIOS_heapCallbackObject                                         
20004054  BIOS_rtsGate                                                    
20004070  CryptoResourceCC26XX_hwi                                        
2000408c  deviceName                                                      
200040a4  rsp                                                             
200040bc  fwParDtmCmd                                                     
200040d4  aesccmCC26XXObjects                                             
200040ec  spiTransaction                                                  
20004118  rxTestParam                                                     
2000412c  connOutput                                                      
20004140  deviceFeatureSet                                                
20004154  operationComputeSharedSecret                                    
20004168  advDataQueue                                                    
20004178  rxDataQ                                                         
20004188  gapConfig_SRK                                                   
20004198  eccParams                                                       
200041a8  localPrivateKey                                                 
200041b8  localPublicKey                                                  
200041c8  operationGeneratePublicKey                                      
200041d8  remotePublicKey                                                 
200041e8  sharedSecret                                                    
200041f8  cryptoKey                                                       
20004208  operationECB                                                    
20004218  encParamsCCM                                                    
20004228  encParamsECB                                                    
20004238  cteAntennaProp                                                  
20004244  llCteTest                                                       
20004250  cachedTRNGdata                                                  
2000425c  llTaskList                                                      
20004268  nvsSPI25XObjects                                                
20004274  gapCurrentRandomAddr                                            
2000427c  peripheralUpdateReq                                             
20004284  gattReTxList                                                    
2000428c  pBleEvtMask                                                     
20004294  pHciEvtMask                                                     
2000429c  pHciEvtMask2                                                    
200042a4  ownPublicAddr                                                   
200042ac  ownRandomAddr                                                   
200042b4  llConns                                                         
200042bc  verInfo                                                         
200042c4  ownSavedPublicAddr                                              
200042cc  secondaryAdvChannelMap                                          
200042d4  defaultChannelMap                                               
200042dc  attServerNotifyTxCB                                             
200042e0  rfEvent                                                         
200042e8  llRfCmdPreemption                                               
200042f0  llConnEvtNotice                                                 
200042f8  privInfo                                                        
20004308  linkCmd                                                         
2000430c  linkParam                                                       
20004310  txDataQ                                                         
20004314  pGapAdvHostInfo                                                 
20004318  pGapCentralConnCBs                                              
2000431c  pGapInitCreateConnCmd                                           
20004320  connEvtCB                                                       
20004324  pAuthLink                                                       
20004328  pfnCentralConnCBs                                               
2000432c  pfnPeripheralConnCBs                                            
20004330  pGapPeripheralConnCBs                                           
20004334  pGapScanSession                                                 
20004338  gapScan_appEvtProcess                                           
2000433c  gapScanUarg                                                     
20004340  pGapScanSetParamsCmd                                            
20004344  pGapScanSetEnableCmd                                            
20004348  pGapScanAdvRptList                                              
2000434c  pfnBondMgrCBs                                                   
20004350  ggs_AppCBs                                                      
20004354  clientInfoTbl                                                   
20004358  pClientSecCBs                                                   
2000435c  pServiceList                                                    
20004360  serverInfoTbl                                                   
20004364  pfnClientProcessMsgCB                                           
20004368  pfnServerProcessMsgCB                                           
20004370  serviceCBsList                                                  
20004374  prepareWritesTbl                                                
20004378  pAttrValue                                                      
2000437c  l2capPsm                                                        
20004380  l2capChannels                                                   
20004384  linkDB                                                          
20004388  BDAddrPerConnHandle                                             
2000438c  taskEndAction                                                   
20004390  SysBootMsg                                                      
20004394  sclkSrc                                                         
20004398  extStackSettings                                                
2000439c  rfDrvTblPtr                                                     
200043a0  rfMode                                                          
200043a4  eccDrvTblPtr                                                    
200043a8  cryptoDrvTblPtr                                                 
200043ac  trngDrvTblPtr                                                   
200043b0  rtosApiTblPtr                                                   
200043b4  trngHandle                                                      
200043b8  rfHandle                                                        
200043bc  dtmInfo                                                         
200043c0  activeConns                                                     
200043c4  llCte                                                           
200043c8  pRfPathComp                                                     
200043cc  extScanInfo                                                     
200043d0  extInitInfo                                                     
200043d4  advSetList                                                      
200043d8  pNextAdvSet                                                     
200043dc  alTable                                                         
200043e0  alTableScan                                                     
200043e4  ecdhHandle                                                      
200043e8  operationResult                                                 
200043ec  drbgHandle                                                      
200043f0  encHandleECB                                                    
200043f4  encHandleCCM                                                    
200043f8  resolvingList                                                   
200043fc  pRpaCfg                                                         
20004400  pRXWindowTask                                                   
20004404  pPairingParams                                                  
20004408  pfnInitiatorCBs                                                 
2000440c  pfnResponderCBs                                                 
20004410  pSmResponderCBs                                                 
20004414  gapBond_lruBondList                                             
20004418  gapBondStateNodeHead                                            
2000441c  osal_syncHandle                                                 
20004420  osal_icallMsg_hook                                              
20004424  osal_qHead                                                      
20004428  osal_max_msecs                                                  
2000442c  osal_tickperiod                                                 
20004430  osal_eventloop_hook                                             
20004434  bm_preReleaseBuffCB                                             
20004440  OSAL_timeSeconds                                                
20004448  osal_last_timestamp                                             
2000444c  timerHead                                                       
20004450  HEAPMGR_SIZE                                                    
20004454  PowerCC26XX_swiKey                                              
20004458  PowerCC26XX_taskKey                                             
2000445c  spi                                                             
20004460  tasksEvents                                                     
20004464  ti_sysbios_family_arm_cc26xx_TimestampProvider_Module_state     
20004468  ti_sysbios_knl_Task_defaultStackHeap                            
2000446c  numHostBufs                                                     
2000446e  supportedMaxTxOctets                                            
20004470  supportedMaxTxTime                                              
20004472  connInitialMaxTxOctets                                          
20004474  connInitialMaxTxTimeUncoded                                     
20004476  connInitialMaxTxTimeCoded                                       
20004478  connInitialMaxTxTime                                            
2000447a  maximumPduSize                                                  
2000447c  buildInfo                                                       
2000447e  rfCfgAdiVal                                                     
20004480  rfCmdHandle                                                     
20004482  postRfOperations                                                
20004484  supportedMaxRxOctets                                            
20004486  supportedMaxRxTime                                              
20004488  taskEndStatus                                                   
2000448c  pwrmgr_attribute                                                
2000448e  advInit                                                         
2000448f  updateState                                                     
20004490  advCount                                                        
20004491  gapDeviceAddrMode                                               
20004492  gapProfileRole                                                  
20004493  gapState                                                        
20004494  terminateReason                                                 
20004495  gapScanEndReason                                                
20004496  fltPduTypeMask                                                  
20004497  fltPduTypeWanted                                                
20004498  scanResToDiscard                                                
20004499  gapScanMaxNumReport                                             
2000449a  gapScanPackedAdvRptSize                                         
2000449b  gapTaskID                                                       
2000449c  resolvablePrivateAddressOnly                                    
2000449d  gattNumConns                                                    
2000449e  gattTaskID                                                      
2000449f  GATTServApp_TaskID                                              
200044a0  GATTServApp_att_delayed_req                                     
200044a1  maxNumPrepareWrites                                             
200044a2  hciPTMenabled                                                   
200044a3  ctrlToHostEnable                                                
200044a4  hciSmpTaskID                                                    
200044a5  hciGapTaskID                                                    
200044a6  hciTaskID                                                       
200044a7  hciTestTaskID                                                   
200044a8  hciL2capTaskID                                                  
200044a9  hciVsEvtMask                                                    
200044aa  l2capFlowCtrlMode                                               
200044ab  l2cap_gattServAppTaskID                                         
200044ac  l2capNumDataPkts                                                
200044ad  l2capTaskID                                                     
200044ae  l2capNumCoChannels                                              
200044af  l2capNumPSM                                                     
200044b0  l2capNumChannels                                                
200044b2  l2capId                                                         
200044b3  linkDBNumConns                                                  
200044b4  linkDB_secureConnectionOnlyMode                                 
200044b5  llState                                                         
200044b6  randomAddressConfigured                                         
200044b7  curTxPowerVal                                                   
200044b8  maxNumConns                                                     
200044b9  LL_TaskID                                                       
200044ba  maxNumTxDataBufs                                                
200044bb  rfFeModeBias                                                    
200044bc  maxNumCteDataBufs                                               
200044bd  maxTxPwrForDTM                                                  
200044be  qosDefaultPriorityAdvParameter                                  
200044bf  secondaryAdvChannelMapPopCount                                  
200044c0  numTxDataBufs                                                   
200044c1  defaultPhy                                                      
200044c2  onePktPerEvt                                                    
200044c3  numComplPkts                                                    
200044c4  numComplPktsLimit                                               
200044c5  numComplPktsFlush                                               
200044c6  fastTxRespTime                                                  
200044c7  slOverride                                                      
200044c8  rxFifoFlowCtrl                                                  
200044c9  scanReqRpt                                                      
200044ca  rssiCorrection                                                  
200044cb  aeCurAdvEnableHandle                                            
200044cc  aeCurHandle                                                     
200044cd  numActiveAdvSets                                                
200044ce  extScanIndex                                                    
200044cf  extInitIndex                                                    
200044d0  aeCurConnHandle                                                 
200044d1  rlSize                                                          
200044d2  alSize                                                          
200044d3  llUnhandleNextIntFlag                                           
200044d4  smGenerateDHKeyStatus                                           
200044d5  smReadLocalP256PublicKeyStatus                                  
200044d6  smAuthenPairingOnlyMode                                         
200044d7  smExpectAppKeysInd                                              
200044d8  smTaskID                                                        
200044d9  icall_liteTaskId                                                
200044da  gapBond_removeLRUBond                                           
200044db  gapBond_syncRL                                                  
200044dc  assertSubcause                                                  
200044dd  osal_entity                                                     
200044de  pwrmgr_initialized                                              
200044df  NVOCMP_size                                                     
200044e0  gAction                                                         
200044e1  nvsCC26XXObjects                                                
20004500  ti_sysbios_family_arm_m3_Hwi_ramVectors                         
200045d8  heapStart                                                       
20007c00  __stack                                                         
20007c00  heapEnd                                                         
20008000  __STACK_END                                                     
20008000  __STACK_TOP                                                     
20008000  __UNUSED_SRAM_end__                                             
ffffffff  __TI_pprof_out_hndl                                             
ffffffff  __TI_prof_data_size                                             
ffffffff  __TI_prof_data_start                                            
ffffffff  __binit__                                                       
ffffffff  binit                                                           
UNDEFED   ITM_flush                                                       
UNDEFED   ITM_restore                                                     
UNDEFED   __c_args__                                                      
UNDEFED   __mpu_init                                                      

[2326 symbols]
